// Jest Snapshot v1, https://goo.gl/fbAQLP

exports[`Footer tests Footer matches snapshot 1`] = `
Object {
  "asFragment": [Function],
  "baseElement": <body>
    <div>
      <section
        class="container"
      >
        <footer
          class="text-center text-white"
          style="background-color: rgb(10, 66, 117);"
        >
          <div
            class="text-center p-3"
            style="background-color: black;"
          >
            © 2020 Copyright:
            <a
              class="text-white"
              href="https://digitalfutures.com/"
            >
              Charity Kapoka 2022
            </a>
          </div>
        </footer>
      </section>
    </div>
  </body>,
  "container": <div>
    <section
      class="container"
    >
      <footer
        class="text-center text-white"
        style="background-color: rgb(10, 66, 117);"
      >
        <div
          class="text-center p-3"
          style="background-color: black;"
        >
          © 2020 Copyright:
          <a
            class="text-white"
            href="https://digitalfutures.com/"
          >
            Charity Kapoka 2022
          </a>
        </div>
      </footer>
    </section>
  </div>,
  "debug": [Function],
  "findAllByAltText": [Function],
  "findAllByDisplayValue": [Function],
  "findAllByLabelText": [Function],
  "findAllByPlaceholderText": [Function],
  "findAllByRole": [Function],
  "findAllByTestId": [Function],
  "findAllByText": [Function],
  "findAllByTitle": [Function],
  "findByAltText": [Function],
  "findByDisplayValue": [Function],
  "findByLabelText": [Function],
  "findByPlaceholderText": [Function],
  "findByRole": [Function],
  "findByTestId": [Function],
  "findByText": [Function],
  "findByTitle": [Function],
  "getAllByAltText": [Function],
  "getAllByDisplayValue": [Function],
  "getAllByLabelText": [Function],
  "getAllByPlaceholderText": [Function],
  "getAllByRole": [Function],
  "getAllByTestId": [Function],
  "getAllByText": [Function],
  "getAllByTitle": [Function],
  "getByAltText": [Function],
  "getByDisplayValue": [Function],
  "getByLabelText": [Function],
  "getByPlaceholderText": [Function],
  "getByRole": [Function],
  "getByTestId": [Function],
  "getByText": [Function],
  "getByTitle": [Function],
  "queryAllByAltText": [Function],
  "queryAllByDisplayValue": [Function],
  "queryAllByLabelText": [Function],
  "queryAllByPlaceholderText": [Function],
  "queryAllByRole": [Function],
  "queryAllByTestId": [Function],
  "queryAllByText": [Function],
  "queryAllByTitle": [Function],
  "queryByAltText": [Function],
  "queryByDisplayValue": [Function],
  "queryByLabelText": [Function],
  "queryByPlaceholderText": [Function],
  "queryByRole": [Function],
  "queryByTestId": [Function],
  "queryByText": [Function],
  "queryByTitle": [Function],
  "rerender": [Function],
  "unmount": [Function],
}
`;
